0 verbose cli C:\Program Files\nodejs\node.exe C:\Program Files\nodejs\node_modules\npm\bin\npm-cli.js
1 info using npm@10.9.2
2 info using node@v22.14.0
3 silly config load:file:C:\Program Files\nodejs\node_modules\npm\npmrc
4 silly config load:file:C:\Users\POWER USER\Documents\GitHub\UniHive\server\.npmrc
5 silly config load:file:C:\Users\POWER USER\.npmrc
6 silly config load:file:C:\Users\POWER USER\AppData\Roaming\npm\etc\npmrc
7 verbose title npm install drizzle-orm
8 verbose argv "install" "drizzle-orm"
9 verbose logfile logs-max:10 dir:C:\Users\POWER USER\Documents\GitHub\UniHive\server\.npm-cache\_logs\2026-03-21T06_31_36_758Z-
10 verbose logfile C:\Users\POWER USER\Documents\GitHub\UniHive\server\.npm-cache\_logs\2026-03-21T06_31_36_758Z-debug-0.log
11 silly logfile start cleaning logs, removing 1 files
12 silly packumentCache heap:2197815296 maxSize:549453824 maxEntrySize:274726912
13 silly logfile done cleaning log files
14 silly idealTree buildDeps
15 silly fetch manifest drizzle-orm@*
16 silly packumentCache full:https://registry.npmjs.org/drizzle-orm cache-miss
17 http fetch GET 200 https://registry.npmjs.org/drizzle-orm 9594ms (cache miss)
18 silly packumentCache full:https://registry.npmjs.org/drizzle-orm set size:undefined disposed:false
19 silly fetch manifest @aws-sdk/client-rds-data@>=3
20 silly packumentCache full:https://registry.npmjs.org/@aws-sdk%2fclient-rds-data cache-miss
21 http fetch GET 200 https://registry.npmjs.org/@aws-sdk%2fclient-rds-data 724ms (cache miss)
22 silly packumentCache full:https://registry.npmjs.org/@aws-sdk%2fclient-rds-data set size:undefined disposed:false
23 silly fetch manifest @cloudflare/workers-types@>=4
24 silly packumentCache full:https://registry.npmjs.org/@cloudflare%2fworkers-types cache-miss
25 http fetch GET 200 https://registry.npmjs.org/@cloudflare%2fworkers-types 342ms (cache miss)
26 silly packumentCache full:https://registry.npmjs.org/@cloudflare%2fworkers-types set size:undefined disposed:false
27 silly fetch manifest @electric-sql/pglite@>=0.2.0
28 silly packumentCache full:https://registry.npmjs.org/@electric-sql%2fpglite cache-miss
29 http fetch GET 200 https://registry.npmjs.org/@electric-sql%2fpglite 1352ms (cache miss)
30 silly packumentCache full:https://registry.npmjs.org/@electric-sql%2fpglite set size:undefined disposed:false
31 silly fetch manifest @libsql/client@>=0.10.0
32 silly packumentCache full:https://registry.npmjs.org/@libsql%2fclient cache-miss
33 http fetch GET 200 https://registry.npmjs.org/@libsql%2fclient 985ms (cache miss)
34 silly packumentCache full:https://registry.npmjs.org/@libsql%2fclient set size:undefined disposed:false
35 silly fetch manifest @libsql/client-wasm@>=0.10.0
36 silly packumentCache full:https://registry.npmjs.org/@libsql%2fclient-wasm cache-miss
37 http fetch GET 200 https://registry.npmjs.org/@libsql%2fclient-wasm 1506ms (cache miss)
38 silly packumentCache full:https://registry.npmjs.org/@libsql%2fclient-wasm set size:undefined disposed:false
39 silly fetch manifest @neondatabase/serverless@>=0.10.0
40 silly packumentCache full:https://registry.npmjs.org/@neondatabase%2fserverless cache-miss
41 http fetch GET 200 https://registry.npmjs.org/@neondatabase%2fserverless 456ms (cache miss)
42 silly packumentCache full:https://registry.npmjs.org/@neondatabase%2fserverless set size:undefined disposed:false
43 silly fetch manifest @op-engineering/op-sqlite@>=2
44 silly packumentCache full:https://registry.npmjs.org/@op-engineering%2fop-sqlite cache-miss
45 http fetch GET 200 https://registry.npmjs.org/@op-engineering%2fop-sqlite 1313ms (cache miss)
46 silly packumentCache full:https://registry.npmjs.org/@op-engineering%2fop-sqlite set size:undefined disposed:false
47 silly fetch manifest react@*
48 silly packumentCache full:https://registry.npmjs.org/react cache-miss
49 http fetch GET 200 https://registry.npmjs.org/react 1593ms (cache miss)
50 silly packumentCache full:https://registry.npmjs.org/react set size:undefined disposed:false
51 silly fetch manifest react-native@*
52 silly packumentCache full:https://registry.npmjs.org/react-native cache-miss
53 http fetch GET 200 https://registry.npmjs.org/react-native 1340ms (cache miss)
54 silly packumentCache full:https://registry.npmjs.org/react-native set size:undefined disposed:false
55 silly fetch manifest @types/react@^19.1.1
56 silly packumentCache full:https://registry.npmjs.org/@types%2freact cache-miss
57 http fetch GET 200 https://registry.npmjs.org/@types%2freact 397ms (cache miss)
58 silly packumentCache full:https://registry.npmjs.org/@types%2freact set size:undefined disposed:false
59 silly fetch manifest @opentelemetry/api@^1.4.1
60 silly packumentCache full:https://registry.npmjs.org/@opentelemetry%2fapi cache-miss
61 http fetch GET 200 https://registry.npmjs.org/@opentelemetry%2fapi 197ms (cache miss)
62 silly packumentCache full:https://registry.npmjs.org/@opentelemetry%2fapi set size:undefined disposed:false
63 silly fetch manifest @planetscale/database@>=1.13
64 silly packumentCache full:https://registry.npmjs.org/@planetscale%2fdatabase cache-miss
65 http fetch GET 200 https://registry.npmjs.org/@planetscale%2fdatabase 1864ms (cache miss)
66 silly packumentCache full:https://registry.npmjs.org/@planetscale%2fdatabase set size:undefined disposed:false
67 silly fetch manifest @prisma/client@*
68 silly packumentCache full:https://registry.npmjs.org/@prisma%2fclient cache-miss
69 http fetch GET 200 https://registry.npmjs.org/@prisma%2fclient 7456ms (cache miss)
70 silly packumentCache full:https://registry.npmjs.org/@prisma%2fclient set size:undefined disposed:false
71 silly fetch manifest prisma@*
72 silly packumentCache full:https://registry.npmjs.org/prisma cache-miss
73 http fetch GET 200 https://registry.npmjs.org/prisma 4042ms (cache miss)
74 silly packumentCache full:https://registry.npmjs.org/prisma set size:undefined disposed:false
75 silly fetch manifest better-sqlite3@>=9.0.0
76 silly packumentCache full:https://registry.npmjs.org/better-sqlite3 cache-miss
77 http fetch GET 200 https://registry.npmjs.org/better-sqlite3 209ms (cache miss)
78 silly packumentCache full:https://registry.npmjs.org/better-sqlite3 set size:undefined disposed:false
79 silly fetch manifest typescript@>=5.4.0
80 silly packumentCache full:https://registry.npmjs.org/typescript cache-miss
81 http fetch GET 200 https://registry.npmjs.org/typescript 1182ms (cache miss)
82 silly packumentCache full:https://registry.npmjs.org/typescript set size:undefined disposed:false
83 silly fetch manifest @tidbcloud/serverless@*
84 silly packumentCache full:https://registry.npmjs.org/@tidbcloud%2fserverless cache-miss
85 http fetch GET 200 https://registry.npmjs.org/@tidbcloud%2fserverless 898ms (cache miss)
86 silly packumentCache full:https://registry.npmjs.org/@tidbcloud%2fserverless set size:undefined disposed:false
87 silly fetch manifest @types/better-sqlite3@*
88 silly packumentCache full:https://registry.npmjs.org/@types%2fbetter-sqlite3 cache-miss
89 http fetch GET 200 https://registry.npmjs.org/@types%2fbetter-sqlite3 643ms (cache miss)
90 silly packumentCache full:https://registry.npmjs.org/@types%2fbetter-sqlite3 set size:undefined disposed:false
91 silly fetch manifest @types/pg@*
92 silly packumentCache full:https://registry.npmjs.org/@types%2fpg cache-miss
93 http fetch GET 200 https://registry.npmjs.org/@types%2fpg 167ms (cache miss)
94 silly packumentCache full:https://registry.npmjs.org/@types%2fpg set size:undefined disposed:false
95 silly fetch manifest @types/sql.js@*
96 silly packumentCache full:https://registry.npmjs.org/@types%2fsql.js cache-miss
97 http fetch GET 200 https://registry.npmjs.org/@types%2fsql.js 1154ms (cache miss)
98 silly packumentCache full:https://registry.npmjs.org/@types%2fsql.js set size:undefined disposed:false
99 silly fetch manifest @upstash/redis@>=1.34.7
100 silly packumentCache full:https://registry.npmjs.org/@upstash%2fredis cache-miss
101 http fetch GET 200 https://registry.npmjs.org/@upstash%2fredis 797ms (cache miss)
102 silly packumentCache full:https://registry.npmjs.org/@upstash%2fredis set size:undefined disposed:false
103 silly fetch manifest @vercel/postgres@>=0.8.0
104 silly packumentCache full:https://registry.npmjs.org/@vercel%2fpostgres cache-miss
105 http fetch GET 200 https://registry.npmjs.org/@vercel%2fpostgres 325ms (cache miss)
106 silly packumentCache full:https://registry.npmjs.org/@vercel%2fpostgres set size:undefined disposed:false
107 silly fetch manifest @xata.io/client@*
108 silly packumentCache full:https://registry.npmjs.org/@xata.io%2fclient cache-miss
109 http fetch GET 200 https://registry.npmjs.org/@xata.io%2fclient 4496ms (cache miss)
110 silly packumentCache full:https://registry.npmjs.org/@xata.io%2fclient set size:undefined disposed:false
111 silly fetch manifest bun-types@*
112 silly packumentCache full:https://registry.npmjs.org/bun-types cache-miss
113 http fetch GET 200 https://registry.npmjs.org/bun-types 354ms (cache miss)
114 silly packumentCache full:https://registry.npmjs.org/bun-types set size:undefined disposed:false
115 silly fetch manifest expo-sqlite@>=14.0.0
116 silly packumentCache full:https://registry.npmjs.org/expo-sqlite cache-miss
117 http fetch GET 200 https://registry.npmjs.org/expo-sqlite 481ms (cache miss)
118 silly packumentCache full:https://registry.npmjs.org/expo-sqlite set size:undefined disposed:false
119 silly fetch manifest expo@*
120 silly packumentCache full:https://registry.npmjs.org/expo cache-miss
121 http fetch GET 200 https://registry.npmjs.org/expo 386ms (cache miss)
122 silly packumentCache full:https://registry.npmjs.org/expo set size:undefined disposed:false
123 silly fetch manifest @expo/dom-webview@*
124 silly packumentCache full:https://registry.npmjs.org/@expo%2fdom-webview cache-miss
125 http fetch GET 200 https://registry.npmjs.org/@expo%2fdom-webview 385ms (cache miss)
126 silly packumentCache full:https://registry.npmjs.org/@expo%2fdom-webview set size:undefined disposed:false
127 silly fetch manifest @expo/metro-runtime@*
128 silly packumentCache full:https://registry.npmjs.org/@expo%2fmetro-runtime cache-miss
129 http fetch GET 200 https://registry.npmjs.org/@expo%2fmetro-runtime 269ms (cache miss)
130 silly packumentCache full:https://registry.npmjs.org/@expo%2fmetro-runtime set size:undefined disposed:false
131 silly fetch manifest react-dom@*
132 silly packumentCache full:https://registry.npmjs.org/react-dom cache-miss
133 http fetch GET 200 https://registry.npmjs.org/react-dom 816ms (cache miss)
134 silly packumentCache full:https://registry.npmjs.org/react-dom set size:undefined disposed:false
135 silly fetch manifest react-native-webview@*
136 silly packumentCache full:https://registry.npmjs.org/react-native-webview cache-miss
137 http fetch GET 200 https://registry.npmjs.org/react-native-webview 281ms (cache miss)
138 silly packumentCache full:https://registry.npmjs.org/react-native-webview set size:undefined disposed:false
139 silly fetch manifest gel@>=2
140 silly packumentCache full:https://registry.npmjs.org/gel cache-miss
141 http fetch GET 200 https://registry.npmjs.org/gel 378ms (cache miss)
142 silly packumentCache full:https://registry.npmjs.org/gel set size:undefined disposed:false
143 silly fetch manifest knex@*
144 silly packumentCache full:https://registry.npmjs.org/knex cache-miss
145 http fetch GET 200 https://registry.npmjs.org/knex 225ms (cache miss)
146 silly packumentCache full:https://registry.npmjs.org/knex set size:undefined disposed:false
147 silly fetch manifest kysely@*
148 silly packumentCache full:https://registry.npmjs.org/kysely cache-miss
149 http fetch GET 200 https://registry.npmjs.org/kysely 454ms (cache miss)
150 silly packumentCache full:https://registry.npmjs.org/kysely set size:undefined disposed:false
151 silly fetch manifest mysql2@>=2
152 silly packumentCache full:https://registry.npmjs.org/mysql2 cache-miss
153 http fetch GET 200 https://registry.npmjs.org/mysql2 239ms (cache miss)
154 silly packumentCache full:https://registry.npmjs.org/mysql2 set size:undefined disposed:false
155 silly fetch manifest @types/node@>= 8
156 silly packumentCache full:https://registry.npmjs.org/@types%2fnode cache-miss
157 http fetch GET 200 https://registry.npmjs.org/@types%2fnode 873ms (cache miss)
158 silly packumentCache full:https://registry.npmjs.org/@types%2fnode set size:undefined disposed:false
159 silly fetch manifest pg@>=8
160 silly packumentCache full:https://registry.npmjs.org/pg cache-miss
161 http fetch GET 200 https://registry.npmjs.org/pg 434ms (cache miss)
162 silly packumentCache full:https://registry.npmjs.org/pg set size:undefined disposed:false
163 silly fetch manifest pg-native@>=3.0.1
164 silly packumentCache full:https://registry.npmjs.org/pg-native cache-miss
165 http fetch GET 200 https://registry.npmjs.org/pg-native 148ms (cache miss)
166 silly packumentCache full:https://registry.npmjs.org/pg-native set size:undefined disposed:false
167 silly fetch manifest postgres@>=3
168 silly packumentCache full:https://registry.npmjs.org/postgres cache-miss
169 http fetch GET 200 https://registry.npmjs.org/postgres 592ms (cache miss)
170 silly packumentCache full:https://registry.npmjs.org/postgres set size:undefined disposed:false
171 silly fetch manifest sql.js@>=1
172 silly packumentCache full:https://registry.npmjs.org/sql.js cache-miss
173 http fetch GET 200 https://registry.npmjs.org/sql.js 142ms (cache miss)
174 silly packumentCache full:https://registry.npmjs.org/sql.js set size:undefined disposed:false
175 silly fetch manifest sqlite3@>=5
176 silly packumentCache full:https://registry.npmjs.org/sqlite3 cache-miss
177 http fetch GET 200 https://registry.npmjs.org/sqlite3 331ms (cache miss)
178 silly packumentCache full:https://registry.npmjs.org/sqlite3 set size:undefined disposed:false
179 silly placeDep ROOT drizzle-orm@0.45.1 OK for: server@1.0.0 want: *
180 silly reify moves {}
181 silly audit bulk request {
181 silly audit   '@mongodb-js/saslprep': [ '1.4.6' ],
181 silly audit   '@socket.io/component-emitter': [ '3.1.2' ],
181 silly audit   '@socketsecurity/socket-patch': [ '2.0.0' ],
181 silly audit   '@socketsecurity/socket-patch-android-arm64': [ '2.0.0' ],
181 silly audit   '@socketsecurity/socket-patch-darwin-arm64': [ '2.0.0' ],
181 silly audit   '@socketsecurity/socket-patch-darwin-x64': [ '2.0.0' ],
181 silly audit   '@socketsecurity/socket-patch-linux-arm': [ '2.0.0' ],
181 silly audit   '@socketsecurity/socket-patch-linux-arm64': [ '2.0.0' ],
181 silly audit   '@socketsecurity/socket-patch-linux-ia32': [ '2.0.0' ],
181 silly audit   '@socketsecurity/socket-patch-linux-x64': [ '2.0.0' ],
181 silly audit   '@socketsecurity/socket-patch-win32-arm64': [ '2.0.0' ],
181 silly audit   '@socketsecurity/socket-patch-win32-ia32': [ '2.0.0' ],
181 silly audit   '@socketsecurity/socket-patch-win32-x64': [ '2.0.0' ],
181 silly audit   '@types/cors': [ '2.8.19' ],
181 silly audit   '@types/node': [ '25.5.0' ],
181 silly audit   '@types/webidl-conversions': [ '7.0.3' ],
181 silly audit   '@types/whatwg-url': [ '13.0.0' ],
181 silly audit   '@types/ws': [ '8.18.1' ],
181 silly audit   accepts: [ '2.0.0', '1.3.8' ],
181 silly audit   anymatch: [ '3.1.3' ],
181 silly audit   'append-field': [ '1.0.0' ],
181 silly audit   'balanced-match': [ '4.0.4' ],
181 silly audit   base64id: [ '2.0.0' ],
181 silly audit   bcryptjs: [ '3.0.3' ],
181 silly audit   'binary-extensions': [ '2.3.0' ],
181 silly audit   'body-parser': [ '2.2.2' ],
181 silly audit   'brace-expansion': [ '5.0.3' ],
181 silly audit   braces: [ '3.0.3' ],
181 silly audit   bson: [ '7.2.0' ],
181 silly audit   'buffer-equal-constant-time': [ '1.0.1' ],
181 silly audit   'buffer-from': [ '1.1.2' ],
181 silly audit   busboy: [ '1.6.0' ],
181 silly audit   bytes: [ '3.1.2' ],
181 silly audit   'call-bind-apply-helpers': [ '1.0.2' ],
181 silly audit   'call-bound': [ '1.0.4' ],
181 silly audit   chokidar: [ '3.6.0' ],
181 silly audit   'concat-stream': [ '2.0.0' ],
181 silly audit   'content-disposition': [ '1.0.1' ],
181 silly audit   'content-type': [ '1.0.5' ],
181 silly audit   cookie: [ '0.7.2' ],
181 silly audit   'cookie-signature': [ '1.2.2' ],
181 silly audit   cors: [ '2.8.6' ],
181 silly audit   debug: [ '4.4.3' ],
181 silly audit   depd: [ '2.0.0' ],
181 silly audit   dotenv: [ '17.2.4' ],
181 silly audit   'dunder-proto': [ '1.0.1' ],
181 silly audit   'ecdsa-sig-formatter': [ '1.0.11' ],
181 silly audit   'ee-first': [ '1.1.1' ],
181 silly audit   encodeurl: [ '2.0.0' ],
181 silly audit   'engine.io': [ '6.6.6' ],
181 silly audit   'engine.io-parser': [ '5.2.3' ],
181 silly audit   'mime-db': [ '1.52.0', '1.54.0' ],
181 silly audit   'mime-types': [ '2.1.35', '3.0.2' ],
181 silly audit   negotiator: [ '0.6.3', '1.0.0' ],
181 silly audit   'es-define-property': [ '1.0.1' ],
181 silly audit   'es-errors': [ '1.3.0' ],
181 silly audit   'es-object-atoms': [ '1.1.1' ],
181 silly audit   'escape-html': [ '1.0.3' ],
181 silly audit   etag: [ '1.8.1' ],
181 silly audit   express: [ '5.2.1' ],
181 silly audit   'fill-range': [ '7.1.1' ],
181 silly audit   finalhandler: [ '2.1.1' ],
181 silly audit   forwarded: [ '0.2.0' ],
181 silly audit   fresh: [ '2.0.0' ],
181 silly audit   fsevents: [ '2.3.3' ],
181 silly audit   'function-bind': [ '1.1.2' ],
181 silly audit   'get-intrinsic': [ '1.3.0' ],
181 silly audit   'get-proto': [ '1.0.1' ],
181 silly audit   'glob-parent': [ '5.1.2' ],
181 silly audit   gopd: [ '1.2.0' ],
181 silly audit   'has-flag': [ '3.0.0' ],
181 silly audit   'has-symbols': [ '1.1.0' ],
181 silly audit   hasown: [ '2.0.2' ],
181 silly audit   'http-errors': [ '2.0.1' ],
181 silly audit   'iconv-lite': [ '0.7.2' ],
181 silly audit   'ignore-by-default': [ '1.0.1' ],
181 silly audit   inherits: [ '2.0.4' ],
181 silly audit   'ipaddr.js': [ '1.9.1' ],
181 silly audit   'is-binary-path': [ '2.1.0' ],
181 silly audit   'is-extglob': [ '2.1.1' ],
181 silly audit   'is-glob': [ '4.0.3' ],
181 silly audit   'is-number': [ '7.0.0' ],
181 silly audit   'is-promise': [ '4.0.0' ],
181 silly audit   jsonwebtoken: [ '9.0.3' ],
181 silly audit   jwa: [ '2.0.1' ],
181 silly audit   jws: [ '4.0.1' ],
181 silly audit   kareem: [ '3.2.0' ],
181 silly audit   'lodash.includes': [ '4.3.0' ],
181 silly audit   'lodash.isboolean': [ '3.0.3' ],
181 silly audit   'lodash.isinteger': [ '4.0.4' ],
181 silly audit   'lodash.isnumber': [ '3.0.3' ],
181 silly audit   'lodash.isplainobject': [ '4.0.6' ],
181 silly audit   'lodash.isstring': [ '4.0.1' ],
181 silly audit   'lodash.once': [ '4.1.1' ],
181 silly audit   'math-intrinsics': [ '1.1.0' ],
181 silly audit   'media-typer': [ '1.1.0', '0.3.0' ],
181 silly audit   'memory-pager': [ '1.5.0' ],
181 silly audit   'merge-descriptors': [ '2.0.0' ],
181 silly audit   minimatch: [ '10.2.4' ],
181 silly audit   mongodb: [ '7.0.0' ],
181 silly audit   'mongodb-connection-string-url': [ '7.0.1' ],
181 silly audit   mongoose: [ '9.2.1' ],
181 silly audit   mpath: [ '0.9.0' ],
181 silly audit   mquery: [ '6.0.0' ],
181 silly audit   ms: [ '2.1.3' ],
181 silly audit   multer: [ '2.1.1' ],
181 silly audit   'type-is': [ '1.6.18', '2.0.1' ],
181 silly audit   nodemon: [ '3.1.14' ],
181 silly audit   'normalize-path': [ '3.0.0' ],
181 silly audit   'object-assign': [ '4.1.1' ],
181 silly audit   'object-inspect': [ '1.13.4' ],
181 silly audit   'on-finished': [ '2.4.1' ],
181 silly audit   once: [ '1.4.0' ],
181 silly audit   parseurl: [ '1.3.3' ],
181 silly audit   'path-to-regexp': [ '8.3.0' ],
181 silly audit   picomatch: [ '2.3.1' ],
181 silly audit   'proxy-addr': [ '2.0.7' ],
181 silly audit   'pstree.remy': [ '1.1.8' ],
181 silly audit   punycode: [ '2.3.1' ],
181 silly audit   qs: [ '6.15.0' ],
181 silly audit   'range-parser': [ '1.2.1' ],
181 silly audit   'raw-body': [ '3.0.2' ],
181 silly audit   'readable-stream': [ '3.6.2' ],
181 silly audit   readdirp: [ '3.6.0' ],
181 silly audit   router: [ '2.2.0' ],
181 silly audit   'safe-buffer': [ '5.2.1' ],
181 silly audit   'safer-buffer': [ '2.1.2' ],
181 silly audit   semver: [ '7.7.4' ],
181 silly audit   send: [ '1.2.1' ],
181 silly audit   'serve-static': [ '2.2.1' ],
181 silly audit   setprototypeof: [ '1.2.0' ],
181 silly audit   'side-channel': [ '1.1.0' ],
181 silly audit   'side-channel-list': [ '1.0.0' ],
181 silly audit   'side-channel-map': [ '1.0.1' ],
181 silly audit   'side-channel-weakmap': [ '1.0.2' ],
181 silly audit   sift: [ '17.1.3' ],
181 silly audit   'simple-update-notifier': [ '2.0.0' ],
181 silly audit   socket: [ '1.1.73' ],
181 silly audit   'socket.io': [ '4.8.3' ],
181 silly audit   'socket.io-adapter': [ '2.5.6' ],
181 silly audit   'socket.io-parser': [ '4.2.6' ],
181 silly audit   'sparse-bitfield': [ '3.0.3' ],
181 silly audit   statuses: [ '2.0.2' ],
181 silly audit   streamsearch: [ '1.1.0' ],
181 silly audit   string_decoder: [ '1.3.0' ],
181 silly audit   'supports-color': [ '5.5.0' ],
181 silly audit   'to-regex-range': [ '5.0.1' ],
181 silly audit   toidentifier: [ '1.0.1' ],
181 silly audit   touch: [ '3.1.1' ],
181 silly audit   tr46: [ '5.1.1' ],
181 silly audit   typedarray: [ '0.0.6' ],
181 silly audit   undefsafe: [ '2.0.5' ],
181 silly audit   'undici-types': [ '7.18.2' ],
181 silly audit   unpipe: [ '1.0.0' ],
181 silly audit   'util-deprecate': [ '1.0.2' ],
181 silly audit   vary: [ '1.1.2' ],
181 silly audit   'webidl-conversions': [ '7.0.0' ],
181 silly audit   'whatwg-url': [ '14.2.0' ],
181 silly audit   wrappy: [ '1.0.2' ],
181 silly audit   ws: [ '8.18.3' ],
181 silly audit   zod: [ '3.25.76' ],
181 silly audit   'drizzle-orm': [ '0.45.1' ]
181 silly audit }
182 verbose reify failed optional dependency C:\Users\POWER USER\Documents\GitHub\UniHive\server\node_modules\fsevents
183 silly reify mark deleted [
183 silly reify   'C:\\Users\\POWER USER\\Documents\\GitHub\\UniHive\\server\\node_modules\\fsevents'
183 silly reify ]
184 verbose reify failed optional dependency C:\Users\POWER USER\Documents\GitHub\UniHive\server\node_modules\@socketsecurity\socket-patch-win32-ia32
185 silly reify mark deleted [
185 silly reify   'C:\\Users\\POWER USER\\Documents\\GitHub\\UniHive\\server\\node_modules\\@socketsecurity\\socket-patch-win32-ia32'
185 silly reify ]
186 verbose reify failed optional dependency C:\Users\POWER USER\Documents\GitHub\UniHive\server\node_modules\@socketsecurity\socket-patch-win32-arm64
187 silly reify mark deleted [
187 silly reify   'C:\\Users\\POWER USER\\Documents\\GitHub\\UniHive\\server\\node_modules\\@socketsecurity\\socket-patch-win32-arm64'
187 silly reify ]
188 verbose reify failed optional dependency C:\Users\POWER USER\Documents\GitHub\UniHive\server\node_modules\@socketsecurity\socket-patch-linux-x64
189 silly reify mark deleted [
189 silly reify   'C:\\Users\\POWER USER\\Documents\\GitHub\\UniHive\\server\\node_modules\\@socketsecurity\\socket-patch-linux-x64'
189 silly reify ]
190 verbose reify failed optional dependency C:\Users\POWER USER\Documents\GitHub\UniHive\server\node_modules\@socketsecurity\socket-patch-linux-ia32
191 silly reify mark deleted [
191 silly reify   'C:\\Users\\POWER USER\\Documents\\GitHub\\UniHive\\server\\node_modules\\@socketsecurity\\socket-patch-linux-ia32'
191 silly reify ]
192 verbose reify failed optional dependency C:\Users\POWER USER\Documents\GitHub\UniHive\server\node_modules\@socketsecurity\socket-patch-linux-arm64
193 silly reify mark deleted [
193 silly reify   'C:\\Users\\POWER USER\\Documents\\GitHub\\UniHive\\server\\node_modules\\@socketsecurity\\socket-patch-linux-arm64'
193 silly reify ]
194 verbose reify failed optional dependency C:\Users\POWER USER\Documents\GitHub\UniHive\server\node_modules\@socketsecurity\socket-patch-linux-arm
195 silly reify mark deleted [
195 silly reify   'C:\\Users\\POWER USER\\Documents\\GitHub\\UniHive\\server\\node_modules\\@socketsecurity\\socket-patch-linux-arm'
195 silly reify ]
196 verbose reify failed optional dependency C:\Users\POWER USER\Documents\GitHub\UniHive\server\node_modules\@socketsecurity\socket-patch-darwin-x64
197 silly reify mark deleted [
197 silly reify   'C:\\Users\\POWER USER\\Documents\\GitHub\\UniHive\\server\\node_modules\\@socketsecurity\\socket-patch-darwin-x64'
197 silly reify ]
198 verbose reify failed optional dependency C:\Users\POWER USER\Documents\GitHub\UniHive\server\node_modules\@socketsecurity\socket-patch-darwin-arm64
199 silly reify mark deleted [
199 silly reify   'C:\\Users\\POWER USER\\Documents\\GitHub\\UniHive\\server\\node_modules\\@socketsecurity\\socket-patch-darwin-arm64'
199 silly reify ]
200 verbose reify failed optional dependency C:\Users\POWER USER\Documents\GitHub\UniHive\server\node_modules\@socketsecurity\socket-patch-android-arm64
201 silly reify mark deleted [
201 silly reify   'C:\\Users\\POWER USER\\Documents\\GitHub\\UniHive\\server\\node_modules\\@socketsecurity\\socket-patch-android-arm64'
201 silly reify ]
202 http cache drizzle-orm@https://registry.npmjs.org/drizzle-orm/-/drizzle-orm-0.45.1.tgz 0ms (cache hit)
203 silly tarball no local data for drizzle-orm@https://registry.npmjs.org/drizzle-orm/-/drizzle-orm-0.45.1.tgz. Extracting by manifest.
204 http fetch POST 200 https://registry.npmjs.org/-/npm/v1/security/advisories/bulk 524ms
205 silly audit report {}
206 http fetch GET 200 https://registry.npmjs.org/drizzle-orm/-/drizzle-orm-0.45.1.tgz 9851ms (cache miss)
207 silly ADD node_modules/drizzle-orm
208 silly ADD
209 silly ADD
210 silly ADD
211 silly ADD
212 silly ADD
213 silly ADD
214 silly ADD
215 silly ADD
216 silly ADD
217 silly ADD
218 verbose cwd C:\Users\POWER USER\Documents\GitHub\UniHive\server
219 verbose os Windows_NT 10.0.22621
220 verbose node v22.14.0
221 verbose npm  v10.9.2
222 verbose exit 0
223 info ok
