0 verbose cli C:\Program Files\nodejs\node.exe C:\Program Files\nodejs\node_modules\npm\bin\npm-cli.js
1 info using npm@10.9.2
2 info using node@v22.14.0
3 silly config load:file:C:\Program Files\nodejs\node_modules\npm\npmrc
4 silly config load:file:C:\Users\POWER USER\Documents\GitHub\UniHive\server\.npmrc
5 silly config load:file:C:\Users\POWER USER\.npmrc
6 silly config load:file:C:\Users\POWER USER\AppData\Roaming\npm\etc\npmrc
7 verbose title npm start
8 verbose argv "start"
9 verbose logfile logs-max:10 dir:C:\Users\POWER USER\Documents\GitHub\UniHive\server\.npm-cache\_logs\2026-03-28T04_39_19_220Z-
10 verbose logfile C:\Users\POWER USER\Documents\GitHub\UniHive\server\.npm-cache\_logs\2026-03-28T04_39_19_220Z-debug-0.log
11 silly logfile start cleaning logs, removing 1 files
12 http fetch GET https://registry.npmjs.org/npm attempt 1 failed with ENOTFOUND
13 silly logfile done cleaning log files
14 verbose cwd C:\Users\POWER USER\Documents\GitHub\UniHive\server
15 verbose os Windows_NT 10.0.22621
16 verbose node v22.14.0
17 verbose npm  v10.9.2
18 verbose exit 0
19 info ok
